
nvpad@LAPTOP-NL7VNPI8 MINGW64 ~
$ mkdir GitAssignment

nvpad@LAPTOP-NL7VNPI8 MINGW64 ~
$ cd GitAssignment/

nvpad@LAPTOP-NL7VNPI8 MINGW64 ~/GitAssignment
$ git init
Initialized empty Git repository in C:/Users/nvpad/GitAssignment/.git/

nvpad@LAPTOP-NL7VNPI8 MINGW64 ~/GitAssignment (master)
$ git checkout -b Dev
Switched to a new branch 'Dev'

nvpad@LAPTOP-NL7VNPI8 MINGW64 ~/GitAssignment (Dev)
$ notepad First.txt

nvpad@LAPTOP-NL7VNPI8 MINGW64 ~/GitAssignment (Dev)
$ git add First.txt

nvpad@LAPTOP-NL7VNPI8 MINGW64 ~/GitAssignment (Dev)
$ git commit -m "First.txt added"
[Dev (root-commit) da3d0d8] First.txt added
 1 file changed, 1 insertion(+)
 create mode 100644 First.txt

nvpad@LAPTOP-NL7VNPI8 MINGW64 ~/GitAssignment (Dev)
$ git checkout -b Test
Switched to a new branch 'Test'

nvpad@LAPTOP-NL7VNPI8 MINGW64 ~/GitAssignment (Test)
$ notepad Second.txt

nvpad@LAPTOP-NL7VNPI8 MINGW64 ~/GitAssignment (Test)
$ notepad Third.txt

nvpad@LAPTOP-NL7VNPI8 MINGW64 ~/GitAssignment (Test)
$ git add Second.txt

nvpad@LAPTOP-NL7VNPI8 MINGW64 ~/GitAssignment (Test)
$ git commit -m "Second.txt added"
[Test 19cf139] Second.txt added
 1 file changed, 1 insertion(+)
 create mode 100644 Second.txt

nvpad@LAPTOP-NL7VNPI8 MINGW64 ~/GitAssignment (Test)
$ git status
On branch Test
Untracked files:
  (use "git add <file>..." to include in what will be committed)
        Third.txt

nothing added to commit but untracked files present (use "git add" to track)

nvpad@LAPTOP-NL7VNPI8 MINGW64 ~/GitAssignment (Test)
$ git add Third.txt

nvpad@LAPTOP-NL7VNPI8 MINGW64 ~/GitAssignment (Test)
$ git commit -m "Third.txt added"
[Test 3cdb50d] Third.txt added
 1 file changed, 1 insertion(+)
 create mode 100644 Third.txt

nvpad@LAPTOP-NL7VNPI8 MINGW64 ~/GitAssignment (Test)
$ git status
On branch Test
nothing to commit, working tree clean

nvpad@LAPTOP-NL7VNPI8 MINGW64 ~/GitAssignment (Test)
$ notepad First.txt

nvpad@LAPTOP-NL7VNPI8 MINGW64 ~/GitAssignment (Test)
$ git diff
diff --git a/First.txt b/First.txt
index 4f43efc..dd07d09 100644
--- a/First.txt
+++ b/First.txt
@@ -1 +1 @@
-This is the First sample file
\ No newline at end of file
+This is the First updated sample file
\ No newline at end of file

nvpad@LAPTOP-NL7VNPI8 MINGW64 ~/GitAssignment (Test)
$ git status
On branch Test
Changes not staged for commit:
  (use "git add <file>..." to update what will be committed)
  (use "git restore <file>..." to discard changes in working directory)
        modified:   First.txt

no changes added to commit (use "git add" and/or "git commit -a")

nvpad@LAPTOP-NL7VNPI8 MINGW64 ~/GitAssignment (Test)
$ git add First.txt

nvpad@LAPTOP-NL7VNPI8 MINGW64 ~/GitAssignment (Test)
$ git commit -m "update First.txt"
[Test 09f16bd] update First.txt
 1 file changed, 1 insertion(+), 1 deletion(-)

nvpad@LAPTOP-NL7VNPI8 MINGW64 ~/GitAssignment (Test)
$ git status
On branch Test
nothing to commit, working tree clean

nvpad@LAPTOP-NL7VNPI8 MINGW64 ~/GitAssignment (Test)
$ git checkout -b master
Switched to a new branch 'master'

nvpad@LAPTOP-NL7VNPI8 MINGW64 ~/GitAssignment (master)
$ git merge Dev
Already up to date.

nvpad@LAPTOP-NL7VNPI8 MINGW64 ~/GitAssignment (master)
$ git merge Test
Already up to date.

nvpad@LAPTOP-NL7VNPI8 MINGW64 ~/GitAssignment (master)
$ git branch
  Dev
  Test
* master

nvpad@LAPTOP-NL7VNPI8 MINGW64 ~/GitAssignment (master)
$ git remote add origine https://github.com/nvpadhariya/GitAssignment.git

nvpad@LAPTOP-NL7VNPI8 MINGW64 ~/GitAssignment (master)
$ git push -u origine master
Enumerating objects: 12, done.
Counting objects: 100% (12/12), done.
Delta compression using up to 4 threads
Compressing objects: 100% (7/7), done.
Writing objects: 100% (12/12), 1.03 KiB | 132.00 KiB/s, done.
Total 12 (delta 1), reused 0 (delta 0), pack-reused 0
remote: Resolving deltas: 100% (1/1), done.
To https://github.com/nvpadhariya/GitAssignment.git
 * [new branch]      master -> master
Branch 'master' set up to track remote branch 'master' from 'origine'.

nvpad@LAPTOP-NL7VNPI8 MINGW64 ~/GitAssignment (master)
$ cd ..

nvpad@LAPTOP-NL7VNPI8 MINGW64 ~
$ mkdir GitClone

nvpad@LAPTOP-NL7VNPI8 MINGW64 ~
$ cd GitColne
bash: cd: GitColne: No such file or directory

nvpad@LAPTOP-NL7VNPI8 MINGW64 ~
$ cd GitClone

nvpad@LAPTOP-NL7VNPI8 MINGW64 ~/GitClone
$ git clone https://github.com/nvpadhariya/GitAssignment.git
Cloning into 'GitAssignment'...
remote: Enumerating objects: 12, done.
remote: Counting objects: 100% (12/12), done.
remote: Compressing objects: 100% (6/6), done.
remote: Total 12 (delta 1), reused 12 (delta 1), pack-reused 0
Receiving objects: 100% (12/12), done.
Resolving deltas: 100% (1/1), done.

nvpad@LAPTOP-NL7VNPI8 MINGW64 ~/GitClone
$ ls
GitAssignment/

nvpad@LAPTOP-NL7VNPI8 MINGW64 ~/GitClone
$ cd GitAssignment/

nvpad@LAPTOP-NL7VNPI8 MINGW64 ~/GitClone/GitAssignment (master)
$ ls
First.txt  Second.txt  Third.txt

nvpad@LAPTOP-NL7VNPI8 MINGW64 ~/GitClone/GitAssignment (master)
$ notepad solution.txt
